// Jest Snapshot v1, https://goo.gl/fbAQLP

exports[`matches snapshot DOM node structure 1`] = `<DocumentFragment />`;
